// Jest Snapshot v1, https://goo.gl/fbAQLP

exports[`SearchPage should render SearchPage 1`] = `ShallowWrapper {}`;
