// Jest Snapshot v1, https://goo.gl/fbAQLP

exports[`AssetPage should render AssetPage 1`] = `ShallowWrapper {}`;
