// Jest Snapshot v1, https://goo.gl/fbAQLP

exports[`should render page 1`] = `ShallowWrapper {}`;
